data_science_ai_ml_llm/time_series/data/SAMPLE_ARIMA_SARIMAX_PROPHET_OUTPUT.csv
UPC,RETAILER_ID,PPG,qty,mean_unit_price,SARIMAX forecasted,SARIMAX conf lower qty,SARIMAX conf upper qty,ARIMA log forecasted,ARIMA log conf lower qty,ARIMA log conf upper qty,Prophet forecasted,Prophet conf lower qty,Prophet conf upper qty,WEEK
987654321.0,3.0,COLUMBIA,63.0,4.410256410256411,,,,0.0,0.0,0.0,0.0,0.0,0.0,2021-01-11
987654321.0,3.0,COLUMBIA,87.0,4.357142857142857,,,,0.0,0.0,0.0,0.0,0.0,0.0,2021-01-18
987654321.0,3.0,COLUMBIA,113.0,3.3114754098360657,,,,0.0,0.0,0.0,0.0,0.0,0.0,2021-01-25
987654321.0,3.0,COLUMBIA,107.0,4.071428571428571,,,,0.0,0.0,0.0,0.0,0.0,0.0,2021-02-01
987654321.0,3.0,COLUMBIA,136.0,4.333333333333333,,,,0.0,0.0,0.0,0.0,0.0,0.0,2021-02-08
987654321.0,3.0,COLUMBIA,53.0,4.363636363636363,,,,0.0,0.0,0.0,0.0,0.0,0.0,2021-02-15
987654321.0,3.0,COLUMBIA,89.0,4.285714285714286,,,,0.0,0.0,0.0,0.0,0.0,0.0,2021-02-22
987654321.0,3.0,COLUMBIA,89.0,4.140350877192983,,,,0.0,0.0,0.0,0.0,0.0,0.0,2021-03-01
987654321.0,3.0,COLUMBIA,75.0,4.0,,,,0.0,0.0,0.0,0.0,0.0,0.0,2021-03-08
987654321.0,3.0,COLUMBIA,115.0,3.3728813559322033,,,,0.0,0.0,0.0,0.0,0.0,0.0,2021-03-15
987654321.0,3.0,COLUMBIA,131.0,3.5606060606060606,,,,0.0,0.0,0.0,0.0,0.0,0.0,2021-03-22
987654321.0,3.0,COLUMBIA,93.0,4.1875,,,,0.0,0.0,0.0,0.0,0.0,0.0,2021-03-29
987654321.0,3.0,COLUMBIA,148.0,4.23943661971831,,,,0.0,0.0,0.0,0.0,0.0,0.0,2021-04-05
987654321.0,3.0,COLUMBIA,143.0,4.271604938271605,,,,0.0,0.0,0.0,0.0,0.0,0.0,2021-04-12
987654321.0,3.0,COLUMBIA,141.0,4.328947368421052,,,,0.0,0.0,0.0,0.0,0.0,0.0,2021-04-19
987654321.0,3.0,COLUMBIA,137.0,4.333333333333333,,,,0.0,0.0,0.0,0.0,0.0,0.0,2021-04-26
987654321.0,3.0,COLUMBIA,99.0,4.258620689655173,,,,0.0,0.0,0.0,0.0,0.0,0.0,2021-05-03
987654321.0,3.0,COLUMBIA,156.0,4.234567901234568,,,,0.0,0.0,0.0,0.0,0.0,0.0,2021-05-10
987654321.0,3.0,COLUMBIA,101.0,4.295081967213115,,,,0.0,0.0,0.0,0.0,0.0,0.0,2021-05-17
987654321.0,3.0,COLUMBIA,129.0,4.30379746835443,,,,0.0,0.0,0.0,0.0,0.0,0.0,2021-05-24
987654321.0,3.0,COLUMBIA,111.0,4.208955223880597,,,,0.0,0.0,0.0,0.0,0.0,0.0,2021-05-31
987654321.0,3.0,COLUMBIA,123.0,4.260273972602739,,,,0.0,0.0,0.0,0.0,0.0,0.0,2021-06-07
987654321.0,3.0,COLUMBIA,19.0,4.363636363636363,,,,0.0,0.0,0.0,0.0,0.0,0.0,2021-06-14
